Welcome to SLURM
--------------------------------------------
current Job id 49985
--------------------------------------------
[100%] Built target run_v2
=== frame_h (shots=20000) ===
  v2 done
  svm done
=== circuit_d3_p0.001 (shots=20000) ===
  v2 done
  svm done
=== qv10 (shots=20000) ===
  v2 done
  svm done
=== surface_d7_t15 (shots=10000) ===
  v2 done
  svm done
=== surface_d9_t10 (shots=10000) ===
  v2 done
  svm done
=== surface_d7_t19 (shots=5000) ===
  v2 done
  svm done
=== surface_d9_t19 (shots=5000) ===
  v2 done
  svm done
=== surface_d11_t15 (shots=5000) ===
  v2 done
  svm done
SWEEP_DONE
