Welcome to SLURM
--------------------------------------------
current Job id 49964
--------------------------------------------
=== kernel-trace CSV content (does it capture our HSA kernels?) ===
file: /tmp/rp2/smci350-rck-g03-d13-21/609290_kernel_trace.csv
"Kind","Agent_Id","Queue_Id","Stream_Id","Thread_Id","Dispatch_Id","Kernel_Id","Kernel_Name","Correlation_Id","Start_Timestamp","End_Timestamp","LDS_Block_Size","Scratch_Size","VGPR_Count","Accum_VGPR_Count","SGPR_Count","Workgroup_Size_X","Workgroup_Size_Y","Workgroup_Size_Z","Grid_Size_X","Grid_Size_Y","Grid_Size_Z"
"KERNEL_DISPATCH","Agent 2",1,0,609290,1,2,"clifft_v2_coop",1,1245162801708092,1245162807385763,25088,416,64,0,112,256,1,1,5120000,1,1
--- domain stats (kernel time summary) ---
"Name","Calls","TotalDurationNs","AverageNs","Percentage","MinNs","MaxNs","StdDev"
"KERNEL_DISPATCH",1,5677671,5677671.000000,100.00,5677671,5677671,0.00000000e+00
=== counter CSV content ===
file: /tmp/rp3/pmc_1/smci350-rck-g03-d13-21/609307_counter_collection.csv
"Correlation_Id","Dispatch_Id","Agent_Id","Queue_Id","Process_Id","Thread_Id","Grid_Size","Kernel_Id","Kernel_Name","Workgroup_Size","LDS_Block_Size","Scratch_Size","VGPR_Count","Accum_VGPR_Count","SGPR_Count","Counter_Name","Counter_Value","Start_Timestamp","End_Timestamp"
1,1,"Agent 2",1,609307,609307,5120000,2,"clifft_v2_coop",256,25088,416,64,0,112,"SQ_INSTS_MFMA",0.00000000e+00,1245179376900423,1245179382573342
1,1,"Agent 2",1,609307,609307,5120000,2,"clifft_v2_coop",256,25088,416,64,0,112,"SQ_INSTS_VALU",964040000.000000,1245179376900423,1245179382573342
1,1,"Agent 2",1,609307,609307,5120000,2,"clifft_v2_coop",256,25088,416,64,0,112,"SQ_WAVES",80000.000000,1245179376900423,1245179382573342
=== find llvm-objdump ===
FOUND: /shared/jmonsalv/software/modules/llvm/upstream_05082025/bin/llvm-objdump
=== VGPR/LDS from readelf .note (rocm metadata) ===
	v_accvgpr_write_b32 a39, v27                               // 00000000301C: D3D94027 1800011B
	v_accvgpr_write_b32 a38, v26                               // 00000000302C: D3D94026 1800011A
	v_accvgpr_write_b32 a47, v8                                // 000000003034: D3D9402F 18000108
	v_accvgpr_write_b32 a46, v7                                // 00000000303C: D3D9402E 18000107
	v_accvgpr_write_b32 a36, v0                                // 0000000030C4: D3D94024 18000100
	v_accvgpr_read_b32 v0, a36                                 // 0000000030D8: D3D84000 18000124
	v_accvgpr_read_b32 v2, a36                                 // 000000003104: D3D84002 18000124
	v_accvgpr_read_b32 v0, a36                                 // 000000003120: D3D84000 18000124
	v_accvgpr_read_b32 v8, a36                                 // 000000003144: D3D84008 18000124
	v_accvgpr_read_b32 v0, a36                                 // 0000000031B8: D3D84000 18000124
=== rocprof-compute python deps — find a venv with pandas ===
DONE
